a-roda-faixa-1  261KB
a-roda-faixa-2  258KB
legado-pt-faixa-1  261KB
legado-pt-faixa-2  259KB
luz-de-volta-faixa-1  265KB
luz-de-volta-faixa-2  267KB
nao-se-desiste-faixa-1  250KB
nao-se-desiste-faixa-2  256KB
o-centro-faixa-1  241KB
o-centro-faixa-2  256KB
se-paga-en-faixa-1  257KB
se-paga-en-faixa-2  259KB
se-paga-pt-faixa-1  251KB
se-paga-pt-faixa-2  247KB
fire-v1a  254KB
fire-v1b  259KB
reel-fb-vocal  239KB
suno-builders-v1-vocal  276KB
suno-builders-v2-vocal  271KB
suno-cover-isolado-v1  282KB
suno-cover-isolado-v2  274KB
suno-cover-reel-v1  261KB
suno-cover-reel-v2  269KB
suno-digital-sky-v1  263KB
suno-digital-sky-v2  270KB
suno-horizons-v1-chops  243KB
suno-horizons-v2-chops  267KB
tears-v3a  240KB
tears-v3b  258KB
tiktok-audio  230KB
wewerehere-v2a  254KB
wewerehere-v2b  249KB
fb-reel  264KB
se-paga-pt-usada-como-ref  247KB
viking-gods-ref  264KB
yt-agt-video1  266KB
yt-agt-video2-standby  247KB
yt-shorts  224KB
yt-shorts2  240KB
yt-shorts3-duo  243KB
faixas: 40
