medindo fire-v1a.mp3
medindo fire-v1b.mp3
medindo reel-fb-vocal.mp3
medindo suno-builders-v1-vocal.mp3
medindo suno-builders-v2-vocal.mp3
medindo suno-cover-isolado-v1.mp3
medindo suno-cover-isolado-v2.mp3
medindo suno-cover-reel-v1.mp3
medindo suno-cover-reel-v2.mp3
medindo suno-digital-sky-v1.mp3
medindo suno-digital-sky-v2.mp3
medindo suno-horizons-v1-chops.mp3
medindo suno-horizons-v2-chops.mp3
medindo tears-v3a.mp3
medindo tears-v3b.mp3
medindo tiktok-audio.mp3
medindo wewerehere-v2a.mp3
medindo wewerehere-v2b.mp3
medindo se-paga-pt-usada-como-ref.mp3
medindo viking-gods-ref.mp3
medindo yt-agt-video1.mp3
medindo yt-agt-video2-standby.mp3
gravado: /home/nmaldaner/projetos/musicaclone/docs/medicoes-refs.json | 22 referencias
